   Testing Revise
 Resolving package versions...
 Installed RecipesBase ─ v0.5.0
 Installed Example ───── v0.5.1
    Status `/tmp/tmpOOhrbF/Manifest.toml`
  [7876af07] Example v0.5.1
  [bac558e1] OrderedCollections v0.1.0
  [3cdcf5f2] RecipesBase v0.5.0
  [295af30f] Revise v0.6.7+ #master (https://github.com/timholy/Revise.jl)
  [2a0f44e3] Base64  [`/usr/local/julia/bin/../share/julia/stdlib/v1.0/Base64`]
  [ade2ca70] Dates  [`/usr/local/julia/bin/../share/julia/stdlib/v1.0/Dates`]
  [8ba89e20] Distributed  [`/usr/local/julia/bin/../share/julia/stdlib/v1.0/Distributed`]
  [7b1f6079] FileWatching  [`/usr/local/julia/bin/../share/julia/stdlib/v1.0/FileWatching`]
  [b77e0a4c] InteractiveUtils  [`/usr/local/julia/bin/../share/julia/stdlib/v1.0/InteractiveUtils`]
  [76f85450] LibGit2  [`/usr/local/julia/bin/../share/julia/stdlib/v1.0/LibGit2`]
  [8f399da3] Libdl  [`/usr/local/julia/bin/../share/julia/stdlib/v1.0/Libdl`]
  [37e2e46d] LinearAlgebra  [`/usr/local/julia/bin/../share/julia/stdlib/v1.0/LinearAlgebra`]
  [56ddb016] Logging  [`/usr/local/julia/bin/../share/julia/stdlib/v1.0/Logging`]
  [d6f4376e] Markdown  [`/usr/local/julia/bin/../share/julia/stdlib/v1.0/Markdown`]
  [44cfe95a] Pkg  [`/usr/local/julia/bin/../share/julia/stdlib/v1.0/Pkg`]
  [de0858da] Printf  [`/usr/local/julia/bin/../share/julia/stdlib/v1.0/Printf`]
  [3fa0cd96] REPL  [`/usr/local/julia/bin/../share/julia/stdlib/v1.0/REPL`]
  [9a3f8284] Random  [`/usr/local/julia/bin/../share/julia/stdlib/v1.0/Random`]
  [ea8e919c] SHA  [`/usr/local/julia/bin/../share/julia/stdlib/v1.0/SHA`]
  [9e88b42a] Serialization  [`/usr/local/julia/bin/../share/julia/stdlib/v1.0/Serialization`]
  [6462fe0b] Sockets  [`/usr/local/julia/bin/../share/julia/stdlib/v1.0/Sockets`]
  [8dfed614] Test  [`/usr/local/julia/bin/../share/julia/stdlib/v1.0/Test`]
  [cf7118a7] UUIDs  [`/usr/local/julia/bin/../share/julia/stdlib/v1.0/UUIDs`]
  [4ec0a83e] Unicode  [`/usr/local/julia/bin/../share/julia/stdlib/v1.0/Unicode`]
Skipping Base.active_repl
Skipping Base.active_repl_backend
^C
signal (2): Interrupt
in expression starting at /test.jl:2
syscall at /lib/x86_64-linux-gnu/libc.so.6 (unknown line)
uv__epoll_wait at /buildworker/worker/package_linux64/build/deps/srccache/libuv-ed3700c849289ed01fe04273a7bf865340b2bd7e/src/unix/linux-syscalls.c:321
uv__io_poll at /buildworker/worker/package_linux64/build/deps/srccache/libuv-ed3700c849289ed01fe04273a7bf865340b2bd7e/src/unix/linux-core.c:275
uv_run at /buildworker/worker/package_linux64/build/deps/srccache/libuv-ed3700c849289ed01fe04273a7bf865340b2bd7e/src/unix/core.c:360
process_events at ./libuv.jl:98 [inlined]
wait at ./event.jl:246
wait at ./event.jl:46
stream_wait at ./stream.jl:47
wait at ./process.jl:830 [inlined]
success at ./process.jl:679 [inlined]
#run#505 at ./process.jl:653
run at ./process.jl:651 [inlined]
#62 at /buildworker/worker/package_linux64/build/usr/share/julia/stdlib/v1.0/Pkg/src/Operations.jl:1303
#63 at /buildworker/worker/package_linux64/build/usr/share/julia/stdlib/v1.0/Pkg/src/Operations.jl:1314
#38 at /buildworker/worker/package_linux64/build/usr/share/julia/stdlib/v1.0/Pkg/src/Operations.jl:894 [inlined]
withenv at ./env.jl:148
jl_fptr_trampoline at /buildworker/worker/package_linux64/build/src/gf.c:1829
jl_apply_generic at /buildworker/worker/package_linux64/build/src/gf.c:2182
#37 at /buildworker/worker/package_linux64/build/usr/share/julia/stdlib/v1.0/Pkg/src/Operations.jl:893
mktempdir at ./file.jl:576
mktempdir at ./file.jl:574 [inlined]
#with_dependencies_loadable_at_toplevel#35 at /buildworker/worker/package_linux64/build/usr/share/julia/stdlib/v1.0/Pkg/src/Operations.jl:844
unknown function (ip: 0x7f11b01cdee7)
jl_fptr_trampoline at /buildworker/worker/package_linux64/build/src/gf.c:1829
jl_apply_generic at /buildworker/worker/package_linux64/build/src/gf.c:2182
#with_dependencies_loadable_at_toplevel at ./none:0 [inlined]
macro expansion at ./logging.jl:311 [inlined]
#test#61 at /buildworker/worker/package_linux64/build/usr/share/julia/stdlib/v1.0/Pkg/src/Operations.jl:1283
unknown function (ip: 0x7f11b01cc803)
jl_fptr_trampoline at /buildworker/worker/package_linux64/build/src/gf.c:1829
jl_apply_generic at /buildworker/worker/package_linux64/build/src/gf.c:2182
#test at ./none:0 [inlined]
#test#44 at /buildworker/worker/package_linux64/build/usr/share/julia/stdlib/v1.0/Pkg/src/API.jl:256
unknown function (ip: 0x7f11b01c6ae3)
jl_fptr_trampoline at /buildworker/worker/package_linux64/build/src/gf.c:1829
jl_apply_generic at /buildworker/worker/package_linux64/build/src/gf.c:2182
test at /buildworker/worker/package_linux64/build/usr/share/julia/stdlib/v1.0/Pkg/src/API.jl:242 [inlined]
#test#43 at /buildworker/worker/package_linux64/build/usr/share/julia/stdlib/v1.0/Pkg/src/API.jl:239 [inlined]
test at /buildworker/worker/package_linux64/build/usr/share/julia/stdlib/v1.0/Pkg/src/API.jl:239 [inlined]
#test#42 at /buildworker/worker/package_linux64/build/usr/share/julia/stdlib/v1.0/Pkg/src/API.jl:238 [inlined]
test at /buildworker/worker/package_linux64/build/usr/share/julia/stdlib/v1.0/Pkg/src/API.jl:238 [inlined]
#test#41 at /buildworker/worker/package_linux64/build/usr/share/julia/stdlib/v1.0/Pkg/src/API.jl:237 [inlined]
test at /buildworker/worker/package_linux64/build/usr/share/julia/stdlib/v1.0/Pkg/src/API.jl:237
jl_fptr_trampoline at /buildworker/worker/package_linux64/build/src/gf.c:1829
jl_apply_generic at /buildworker/worker/package_linux64/build/src/gf.c:2182
do_call at /buildworker/worker/package_linux64/build/src/interpreter.c:324
eval_value at /buildworker/worker/package_linux64/build/src/interpreter.c:428
eval_stmt_value at /buildworker/worker/package_linux64/build/src/interpreter.c:363 [inlined]
eval_body at /buildworker/worker/package_linux64/build/src/interpreter.c:686
jl_interpret_toplevel_thunk_callback at /buildworker/worker/package_linux64/build/src/interpreter.c:799
unknown function (ip: 0xfffffffffffffffe)
unknown function (ip: 0x7f11bb482eef)
unknown function (ip: (nil))
jl_interpret_toplevel_thunk at /buildworker/worker/package_linux64/build/src/interpreter.c:808
jl_toplevel_eval_flex at /buildworker/worker/package_linux64/build/src/toplevel.c:787
jl_parse_eval_all at /buildworker/worker/package_linux64/build/src/ast.c:838
jl_load at /buildworker/worker/package_linux64/build/src/toplevel.c:821
include at ./boot.jl:317 [inlined]
include_relative at ./loading.jl:1038
include at ./sysimg.jl:29
jl_apply_generic at /buildworker/worker/package_linux64/build/src/gf.c:2182
exec_options at ./client.jl:229
_start at ./client.jl:421
jl_apply_generic at /buildworker/worker/package_linux64/build/src/gf.c:2182
unknown function (ip: 0x401ae8)
unknown function (ip: 0x401513)
__libc_start_main at /lib/x86_64-linux-gnu/libc.so.6 (unknown line)
unknown function (ip: 0x4015b4)
unknown function (ip: 0xffffffffffffffff)
Allocations: 4616044 (Pool: 4614983; Big: 1061); GC: 9
